// Jest Snapshot v1, https://goo.gl/fbAQLP

exports[`Component: App should render 1`] = `
<div>
  <div
    id="background-image"
  />
  <Main />
</div>
`;
