// Jest Snapshot v1, https://goo.gl/fbAQLP

exports[`Component: BusinessList should render 1`] = `
<div>
  <div
    className="container card-container"
  >
    <h2
      className="text-center"
      id="no-business-found"
    >
      No business registered yet
    </h2>
  </div>
  <div>
    <span>
      <div />
    </span>
  </div>
</div>
`;
